temperature: <float>
	0	125.46730804443
	1	125.15542602539
	2	125.15542602539
	3	124.8443145752
	4	125.15542602539
	5	124.8443145752
	6	124.8443145752
	7	124.53391265869
