vertices	size: 8
position: <vector(double,3)>
	0	1 1 1 
	1	1 1 -1 
	2	1 -1 1 
	3	1 -1 -1 
	4	-1 1 1 
	5	-1 1 -1 
	6	-1 -1 1 
	7	-1 -1 -1 
faces	size: 6
outside: <uint64>
	0	0
	1	0
	2	0
	3	0
	4	0
	5	0
inside: <uint64>
	0	1
	1	1
	2	1
	3	1
	4	1
	5	1
edges	size: 12
head: <uint64>
	0	2
	1	3
	2	1
	3	0
	4	6
	5	7
	6	5
	7	4
	8	4
	9	1
	10	6
	11	3
tail: <uint64>
	0	0
	1	2
	2	3
	3	1
	4	4
	5	6
	6	7
	7	5
	8	0
	9	5
	10	2
	11	7
cells	size: 2
edgesofface	size: 24
face: <uint64>
	0	0
	1	0
	2	0
	3	0
	4	1
	5	1
	6	1
	7	1
	8	2
	9	2
	10	2
	11	2
	12	3
	13	3
	14	3
	15	3
	16	4
	17	4
	18	4
	19	4
	20	5
	21	5
	22	5
	23	5
edge: <uint64>
	0	0
	1	1
	2	2
	3	3
	4	4
	5	5
	6	6
	7	7
	8	8
	9	7
	10	9
	11	3
	12	10
	13	5
	14	11
	15	1
	16	8
	17	4
	18	10
	19	0
	20	9
	21	6
	22	11
	23	2
orientation: <bool>
	0	false
	1	false
	2	false
	3	false
	4	false
	5	false
	6	false
	7	false
	8	false
	9	true
	10	false
	11	false
	12	false
	13	false
	14	false
	15	true
	16	false
	17	false
	18	true
	19	true
	20	true
	21	true
	22	false
	23	false
edgesofcell	size: 24
cell: <uint64>
	0	0
	1	0
	2	0
	3	0
	4	0
	5	0
	6	1
	7	1
	8	1
	9	1
	10	1
	11	1
	12	1
	13	1
	14	1
	15	1
	16	1
	17	1
	18	1
	19	1
	20	1
	21	1
	22	1
	23	1
edge: <uint64>
	0	0
	1	1
	2	6
	3	7
	4	9
	5	10
	6	0
	7	1
	8	2
	9	2
	10	3
	11	3
	12	4
	13	4
	14	5
	15	5
	16	6
	17	7
	18	8
	19	8
	20	9
	21	10
	22	11
	23	11
verticesofface	size: 24
face: <uint64>
	0	0
	1	0
	2	0
	3	0
	4	1
	5	1
	6	1
	7	1
	8	2
	9	2
	10	2
	11	2
	12	3
	13	3
	14	3
	15	3
	16	4
	17	4
	18	4
	19	4
	20	5
	21	5
	22	5
	23	5
vertex: <uint64>
	0	0
	1	2
	2	3
	3	1
	4	4
	5	6
	6	7
	7	5
	8	0
	9	4
	10	5
	11	1
	12	2
	13	6
	14	7
	15	3
	16	0
	17	4
	18	6
	19	2
	20	1
	21	5
	22	7
	23	3
