0 0
0 2
0 3
0 1
1 4
1 6
1 7
1 5
2 0
2 4
2 5
2 1
3 2
3 6
3 7
3 3
4 0
4 4
4 6
4 2
5 1
5 5
5 7
5 3
